<?xml version="1.0" ?>
<testsuites errors="0" failures="1" name="ABLUnit" tests="3"><testsuite name="C:/Users/tcoomans/Progress/Developer Studio 4.3.1/workspace/Xpense/tests/myProceduretTestSuite.p" tests="2" time=",009"><testsuite name="singleTest.p" tests="1" time=",003"><testcase name="mytest" status="Success" time=",001"/></testsuite><testsuite name="workBETest.p" tests="2" time=",005"><testcase name="TestcalcWorks" status="Failure" time=",002"><failure message="Expected: Hi but was: hidlekldke">Equals OpenEdge.Core.Assert at line 100  (OpenEdge/Core/Assert.r)
TestcalcWorks workBETest.p at line 64  (C:\Users\tcoomans\Progress\Developer Studio 4.3.1\workspace\Xpense\tests\workBETest.r)
RunTestProc OpenEdge.ABLUnit.Reflection.ProcedureAnnotationInfo at line 125  (OpenEdge/ABLUnit/Reflection/ProcedureAnnotationInfo.r)
RunSelectedTestProc OpenEdge.ABLUnit.Reflection.ProcedureAnnotationInfo at line 146  (OpenEdge/ABLUnit/Reflection/ProcedureAnnotationInfo.r)
runTestProcedure OpenEdge.ABLUnit.Runner.ABLRunner at line 1191  (OpenEdge/ABLUnit/Runner/ABLRunner.r)
runtests OpenEdge.ABLUnit.Runner.ABLRunner at line 1075  (OpenEdge/ABLUnit/Runner/ABLRunner.r)
runtests OpenEdge.ABLUnit.Runner.ABLRunner at line 1011  (OpenEdge/ABLUnit/Runner/ABLRunner.r)
runtests OpenEdge.ABLUnit.Runner.ABLRunner at line 1098  (OpenEdge/ABLUnit/Runner/ABLRunner.r)
runtests OpenEdge.ABLUnit.Runner.ABLRunner at line 1011  (OpenEdge/ABLUnit/Runner/ABLRunner.r)
runtests OpenEdge.ABLUnit.Runner.ABLRunner at line 1098  (OpenEdge/ABLUnit/Runner/ABLRunner.r)
runtests OpenEdge.ABLUnit.Runner.ABLRunner at line 1011  (OpenEdge/ABLUnit/Runner/ABLRunner.r)
RunTests OpenEdge.ABLUnit.Runner.ABLRunner at line 150  (OpenEdge/ABLUnit/Runner/ABLRunner.r)
ABLUnitCore.r at line 72  (ABLUnitCore.r)</failure></testcase><testcase name="TestgetWork" status="Success" time=",001"/></testsuite></testsuite></testsuites>